Archive member included to satisfy reference by file (symbol)

/usr/lib/gcc/avr/5.4.0/avr5/libgcc.a(_udivmodqi4.o)
                              USART.o (__udivmodqi4)
/usr/lib/gcc/avr/5.4.0/avr5/libgcc.a(_udivmodhi4.o)
                              USART.o (__udivmodhi4)
/usr/lib/gcc/avr/5.4.0/avr5/libgcc.a(_udivmodsi4.o)
                              USART.o (__udivmodsi4)
/usr/lib/gcc/avr/5.4.0/avr5/libgcc.a(_exit.o)
                              /usr/lib/gcc/avr/5.4.0/../../../avr/lib/avr5/crtatmega168.o (exit)
/usr/lib/gcc/avr/5.4.0/avr5/libgcc.a(_tablejump2.o)
                              BrailleCadeKeyboard.o (__tablejump2__)
/usr/lib/gcc/avr/5.4.0/avr5/libgcc.a(_copy_data.o)
                              TPIC6B595N.o (__do_copy_data)
/usr/lib/gcc/avr/5.4.0/avr5/libgcc.a(_clear_bss.o)
                              BrailleCadeKeyboard.o (__do_clear_bss)
/usr/lib/gcc/avr/5.4.0/avr5/libgcc.a(_usmulhisi3.o)
                              USART.o (__usmulhisi3)
/usr/lib/gcc/avr/5.4.0/avr5/libgcc.a(_mulshisi3.o)
                              USART.o (__mulshisi3)
/usr/lib/gcc/avr/5.4.0/avr5/libgcc.a(_ashldi3.o)
                              CD4014.o (__ashldi3)
/usr/lib/gcc/avr/5.4.0/avr5/libgcc.a(_ashrdi3.o)
                              BrailleCadeKeyboard.o (__ashrdi3)
/usr/lib/gcc/avr/5.4.0/avr5/libgcc.a(_adddi3_s8.o)
                              CD4014.o (__adddi3_s8)
/usr/lib/gcc/avr/5.4.0/avr5/libgcc.a(_cmpdi2_s8.o)
                              buttons.o (__cmpdi2_s8)
/usr/lib/gcc/avr/5.4.0/avr5/libgcc.a(_umulhisi3.o)
                              /usr/lib/gcc/avr/5.4.0/avr5/libgcc.a(_usmulhisi3.o) (__umulhisi3)
/usr/lib/gcc/avr/5.4.0/avr5/libgcc.a(_muluhisi3.o)
                              /usr/lib/gcc/avr/5.4.0/avr5/libgcc.a(_mulshisi3.o) (__muluhisi3)
/usr/lib/gcc/avr/5.4.0/../../../avr/lib/avr5/libatmega168.a(eerd_block.o)
                              CardReader.o (eeprom_read_block)
/usr/lib/gcc/avr/5.4.0/../../../avr/lib/avr5/libatmega168.a(eeupd_block.o)
                              CardReader.o (eeprom_update_block)
/usr/lib/gcc/avr/5.4.0/../../../avr/lib/avr5/libatmega168.a(eeupd_byte.o)
                              /usr/lib/gcc/avr/5.4.0/../../../avr/lib/avr5/libatmega168.a(eeupd_block.o) (eeprom_update_r18)

Discarded input sections

 .data          0x0000000000000000        0x0 /usr/lib/gcc/avr/5.4.0/../../../avr/lib/avr5/crtatmega168.o
 .bss           0x0000000000000000        0x0 /usr/lib/gcc/avr/5.4.0/../../../avr/lib/avr5/crtatmega168.o
 .text          0x0000000000000000        0x0 Vibrate.o
 .data          0x0000000000000000        0x0 Vibrate.o
 .bss           0x0000000000000000        0x0 Vibrate.o
 .text          0x0000000000000000        0x0 TPIC6B595N.o
 .data          0x0000000000000000        0x0 TPIC6B595N.o
 .bss           0x0000000000000000        0x0 TPIC6B595N.o
 .text          0x0000000000000000        0x0 MCP4021.o
 .data          0x0000000000000000        0x0 MCP4021.o
 .bss           0x0000000000000000        0x0 MCP4021.o
 .text.saveState
                0x0000000000000000       0x3c MCP4021.o
 .text.upDown   0x0000000000000000       0x40 MCP4021.o
 .text          0x0000000000000000        0x0 USART.o
 .data          0x0000000000000000        0x0 USART.o
 .bss           0x0000000000000000        0x0 USART.o
 .text.readString
                0x0000000000000000       0x58 USART.o
 .text.printLongNumber
                0x0000000000000000      0x16c USART.o
 .text.printLong
                0x0000000000000000       0x42 USART.o
 .text.printLongLong
                0x0000000000000000       0x66 USART.o
 .text.printBinaryByte
                0x0000000000000000       0x3c USART.o
 .text.nibbleToHexCharacter
                0x0000000000000000        0xc USART.o
 .text.printHexByte
                0x0000000000000000       0x1e USART.o
 .text.getNumber16
                0x0000000000000000       0xa4 USART.o
 .text.getNumber24
                0x0000000000000000      0x124 USART.o
 .text          0x0000000000000000        0x0 CardReader.o
 .data          0x0000000000000000        0x0 CardReader.o
 .bss           0x0000000000000000        0x0 CardReader.o
 .text.CardReader_Init
                0x0000000000000000       0x16 CardReader.o
 .text.Card_Debounce
                0x0000000000000000      0x112 CardReader.o
 .text          0x0000000000000000        0x0 CD4014.o
 .data          0x0000000000000000        0x0 CD4014.o
 .bss           0x0000000000000000        0x0 CD4014.o
 .text          0x0000000000000000        0x0 buttons.o
 .data          0x0000000000000000        0x0 buttons.o
 .bss           0x0000000000000000        0x0 buttons.o
 .rodata.g_keyPressTime
                0x0000000000000000        0x2 buttons.o
 .rodata.g_debounceTime
                0x0000000000000000        0x2 buttons.o
 .text          0x0000000000000000        0x0 BrailleCadeKeyboard.o
 .data          0x0000000000000000        0x0 BrailleCadeKeyboard.o
 .bss           0x0000000000000000        0x0 BrailleCadeKeyboard.o
 .text          0x0000000000000000        0x0 /usr/lib/gcc/avr/5.4.0/avr5/libgcc.a(_udivmodqi4.o)
 .data          0x0000000000000000        0x0 /usr/lib/gcc/avr/5.4.0/avr5/libgcc.a(_udivmodqi4.o)
 .bss           0x0000000000000000        0x0 /usr/lib/gcc/avr/5.4.0/avr5/libgcc.a(_udivmodqi4.o)
 .text.libgcc.mul
                0x0000000000000000        0x0 /usr/lib/gcc/avr/5.4.0/avr5/libgcc.a(_udivmodqi4.o)
 .text.libgcc   0x0000000000000000        0x0 /usr/lib/gcc/avr/5.4.0/avr5/libgcc.a(_udivmodqi4.o)
 .text.libgcc.prologue
                0x0000000000000000        0x0 /usr/lib/gcc/avr/5.4.0/avr5/libgcc.a(_udivmodqi4.o)
 .text.libgcc.builtins
                0x0000000000000000        0x0 /usr/lib/gcc/avr/5.4.0/avr5/libgcc.a(_udivmodqi4.o)
 .text.libgcc.fmul
                0x0000000000000000        0x0 /usr/lib/gcc/avr/5.4.0/avr5/libgcc.a(_udivmodqi4.o)
 .text.libgcc.fixed
                0x0000000000000000        0x0 /usr/lib/gcc/avr/5.4.0/avr5/libgcc.a(_udivmodqi4.o)
 .text          0x0000000000000000        0x0 /usr/lib/gcc/avr/5.4.0/avr5/libgcc.a(_udivmodhi4.o)
 .data          0x0000000000000000        0x0 /usr/lib/gcc/avr/5.4.0/avr5/libgcc.a(_udivmodhi4.o)
 .bss           0x0000000000000000        0x0 /usr/lib/gcc/avr/5.4.0/avr5/libgcc.a(_udivmodhi4.o)
 .text.libgcc.mul
                0x0000000000000000        0x0 /usr/lib/gcc/avr/5.4.0/avr5/libgcc.a(_udivmodhi4.o)
 .text.libgcc   0x0000000000000000        0x0 /usr/lib/gcc/avr/5.4.0/avr5/libgcc.a(_udivmodhi4.o)
 .text.libgcc.prologue
                0x0000000000000000        0x0 /usr/lib/gcc/avr/5.4.0/avr5/libgcc.a(_udivmodhi4.o)
 .text.libgcc.builtins
                0x0000000000000000        0x0 /usr/lib/gcc/avr/5.4.0/avr5/libgcc.a(_udivmodhi4.o)
 .text.libgcc.fmul
                0x0000000000000000        0x0 /usr/lib/gcc/avr/5.4.0/avr5/libgcc.a(_udivmodhi4.o)
 .text.libgcc.fixed
                0x0000000000000000        0x0 /usr/lib/gcc/avr/5.4.0/avr5/libgcc.a(_udivmodhi4.o)
 .text          0x0000000000000000        0x0 /usr/lib/gcc/avr/5.4.0/avr5/libgcc.a(_udivmodsi4.o)
 .data          0x0000000000000000        0x0 /usr/lib/gcc/avr/5.4.0/avr5/libgcc.a(_udivmodsi4.o)
 .bss           0x0000000000000000        0x0 /usr/lib/gcc/avr/5.4.0/avr5/libgcc.a(_udivmodsi4.o)
 .text.libgcc.mul
                0x0000000000000000        0x0 /usr/lib/gcc/avr/5.4.0/avr5/libgcc.a(_udivmodsi4.o)
 .text.libgcc.div
                0x0000000000000000       0x44 /usr/lib/gcc/avr/5.4.0/avr5/libgcc.a(_udivmodsi4.o)
 .text.libgcc   0x0000000000000000        0x0 /usr/lib/gcc/avr/5.4.0/avr5/libgcc.a(_udivmodsi4.o)
 .text.libgcc.prologue
                0x0000000000000000        0x0 /usr/lib/gcc/avr/5.4.0/avr5/libgcc.a(_udivmodsi4.o)
 .text.libgcc.builtins
                0x0000000000000000        0x0 /usr/lib/gcc/avr/5.4.0/avr5/libgcc.a(_udivmodsi4.o)
 .text.libgcc.fmul
                0x0000000000000000        0x0 /usr/lib/gcc/avr/5.4.0/avr5/libgcc.a(_udivmodsi4.o)
 .text.libgcc.fixed
                0x0000000000000000        0x0 /usr/lib/gcc/avr/5.4.0/avr5/libgcc.a(_udivmodsi4.o)
 .text          0x0000000000000000        0x0 /usr/lib/gcc/avr/5.4.0/avr5/libgcc.a(_exit.o)
 .data          0x0000000000000000        0x0 /usr/lib/gcc/avr/5.4.0/avr5/libgcc.a(_exit.o)
 .bss           0x0000000000000000        0x0 /usr/lib/gcc/avr/5.4.0/avr5/libgcc.a(_exit.o)
 .text.libgcc.mul
                0x0000000000000000        0x0 /usr/lib/gcc/avr/5.4.0/avr5/libgcc.a(_exit.o)
 .text.libgcc.div
                0x0000000000000000        0x0 /usr/lib/gcc/avr/5.4.0/avr5/libgcc.a(_exit.o)
 .text.libgcc   0x0000000000000000        0x0 /usr/lib/gcc/avr/5.4.0/avr5/libgcc.a(_exit.o)
 .text.libgcc.prologue
                0x0000000000000000        0x0 /usr/lib/gcc/avr/5.4.0/avr5/libgcc.a(_exit.o)
 .text.libgcc.builtins
                0x0000000000000000        0x0 /usr/lib/gcc/avr/5.4.0/avr5/libgcc.a(_exit.o)
 .text.libgcc.fmul
                0x0000000000000000        0x0 /usr/lib/gcc/avr/5.4.0/avr5/libgcc.a(_exit.o)
 .text.libgcc.fixed
                0x0000000000000000        0x0 /usr/lib/gcc/avr/5.4.0/avr5/libgcc.a(_exit.o)
 .text          0x0000000000000000        0x0 /usr/lib/gcc/avr/5.4.0/avr5/libgcc.a(_tablejump2.o)
 .data          0x0000000000000000        0x0 /usr/lib/gcc/avr/5.4.0/avr5/libgcc.a(_tablejump2.o)
 .bss           0x0000000000000000        0x0 /usr/lib/gcc/avr/5.4.0/avr5/libgcc.a(_tablejump2.o)
 .text.libgcc.mul
                0x0000000000000000        0x0 /usr/lib/gcc/avr/5.4.0/avr5/libgcc.a(_tablejump2.o)
 .text.libgcc.div
                0x0000000000000000        0x0 /usr/lib/gcc/avr/5.4.0/avr5/libgcc.a(_tablejump2.o)
 .text.libgcc.prologue
                0x0000000000000000        0x0 /usr/lib/gcc/avr/5.4.0/avr5/libgcc.a(_tablejump2.o)
 .text.libgcc.builtins
                0x0000000000000000        0x0 /usr/lib/gcc/avr/5.4.0/avr5/libgcc.a(_tablejump2.o)
 .text.libgcc.fmul
                0x0000000000000000        0x0 /usr/lib/gcc/avr/5.4.0/avr5/libgcc.a(_tablejump2.o)
 .text.libgcc.fixed
                0x0000000000000000        0x0 /usr/lib/gcc/avr/5.4.0/avr5/libgcc.a(_tablejump2.o)
 .text          0x0000000000000000        0x0 /usr/lib/gcc/avr/5.4.0/avr5/libgcc.a(_copy_data.o)
 .data          0x0000000000000000        0x0 /usr/lib/gcc/avr/5.4.0/avr5/libgcc.a(_copy_data.o)
 .bss           0x0000000000000000        0x0 /usr/lib/gcc/avr/5.4.0/avr5/libgcc.a(_copy_data.o)
 .text.libgcc.mul
                0x0000000000000000        0x0 /usr/lib/gcc/avr/5.4.0/avr5/libgcc.a(_copy_data.o)
 .text.libgcc.div
                0x0000000000000000        0x0 /usr/lib/gcc/avr/5.4.0/avr5/libgcc.a(_copy_data.o)
 .text.libgcc   0x0000000000000000        0x0 /usr/lib/gcc/avr/5.4.0/avr5/libgcc.a(_copy_data.o)
 .text.libgcc.prologue
                0x0000000000000000        0x0 /usr/lib/gcc/avr/5.4.0/avr5/libgcc.a(_copy_data.o)
 .text.libgcc.builtins
                0x0000000000000000        0x0 /usr/lib/gcc/avr/5.4.0/avr5/libgcc.a(_copy_data.o)
 .text.libgcc.fmul
                0x0000000000000000        0x0 /usr/lib/gcc/avr/5.4.0/avr5/libgcc.a(_copy_data.o)
 .text.libgcc.fixed
                0x0000000000000000        0x0 /usr/lib/gcc/avr/5.4.0/avr5/libgcc.a(_copy_data.o)
 .text          0x0000000000000000        0x0 /usr/lib/gcc/avr/5.4.0/avr5/libgcc.a(_clear_bss.o)
 .data          0x0000000000000000        0x0 /usr/lib/gcc/avr/5.4.0/avr5/libgcc.a(_clear_bss.o)
 .bss           0x0000000000000000        0x0 /usr/lib/gcc/avr/5.4.0/avr5/libgcc.a(_clear_bss.o)
 .text.libgcc.mul
                0x0000000000000000        0x0 /usr/lib/gcc/avr/5.4.0/avr5/libgcc.a(_clear_bss.o)
 .text.libgcc.div
                0x0000000000000000        0x0 /usr/lib/gcc/avr/5.4.0/avr5/libgcc.a(_clear_bss.o)
 .text.libgcc   0x0000000000000000        0x0 /usr/lib/gcc/avr/5.4.0/avr5/libgcc.a(_clear_bss.o)
 .text.libgcc.prologue
                0x0000000000000000        0x0 /usr/lib/gcc/avr/5.4.0/avr5/libgcc.a(_clear_bss.o)
 .text.libgcc.builtins
                0x0000000000000000        0x0 /usr/lib/gcc/avr/5.4.0/avr5/libgcc.a(_clear_bss.o)
 .text.libgcc.fmul
                0x0000000000000000        0x0 /usr/lib/gcc/avr/5.4.0/avr5/libgcc.a(_clear_bss.o)
 .text.libgcc.fixed
                0x0000000000000000        0x0 /usr/lib/gcc/avr/5.4.0/avr5/libgcc.a(_clear_bss.o)
 .text          0x0000000000000000        0x0 /usr/lib/gcc/avr/5.4.0/avr5/libgcc.a(_usmulhisi3.o)
 .data          0x0000000000000000        0x0 /usr/lib/gcc/avr/5.4.0/avr5/libgcc.a(_usmulhisi3.o)
 .bss           0x0000000000000000        0x0 /usr/lib/gcc/avr/5.4.0/avr5/libgcc.a(_usmulhisi3.o)
 .text.libgcc.mul
                0x0000000000000000        0xe /usr/lib/gcc/avr/5.4.0/avr5/libgcc.a(_usmulhisi3.o)
 .text.libgcc.div
                0x0000000000000000        0x0 /usr/lib/gcc/avr/5.4.0/avr5/libgcc.a(_usmulhisi3.o)
 .text.libgcc   0x0000000000000000        0x0 /usr/lib/gcc/avr/5.4.0/avr5/libgcc.a(_usmulhisi3.o)
 .text.libgcc.prologue
                0x0000000000000000        0x0 /usr/lib/gcc/avr/5.4.0/avr5/libgcc.a(_usmulhisi3.o)
 .text.libgcc.builtins
                0x0000000000000000        0x0 /usr/lib/gcc/avr/5.4.0/avr5/libgcc.a(_usmulhisi3.o)
 .text.libgcc.fmul
                0x0000000000000000        0x0 /usr/lib/gcc/avr/5.4.0/avr5/libgcc.a(_usmulhisi3.o)
 .text.libgcc.fixed
                0x0000000000000000        0x0 /usr/lib/gcc/avr/5.4.0/avr5/libgcc.a(_usmulhisi3.o)
 .text          0x0000000000000000        0x0 /usr/lib/gcc/avr/5.4.0/avr5/libgcc.a(_mulshisi3.o)
 .data          0x0000000000000000        0x0 /usr/lib/gcc/avr/5.4.0/avr5/libgcc.a(_mulshisi3.o)
 .bss           0x0000000000000000        0x0 /usr/lib/gcc/avr/5.4.0/avr5/libgcc.a(_mulshisi3.o)
 .text.libgcc.mul
                0x0000000000000000       0x10 /usr/lib/gcc/avr/5.4.0/avr5/libgcc.a(_mulshisi3.o)
 .text.libgcc.div
                0x0000000000000000        0x0 /usr/lib/gcc/avr/5.4.0/avr5/libgcc.a(_mulshisi3.o)
 .text.libgcc   0x0000000000000000        0x0 /usr/lib/gcc/avr/5.4.0/avr5/libgcc.a(_mulshisi3.o)
 .text.libgcc.prologue
                0x0000000000000000        0x0 /usr/lib/gcc/avr/5.4.0/avr5/libgcc.a(_mulshisi3.o)
 .text.libgcc.builtins
                0x0000000000000000        0x0 /usr/lib/gcc/avr/5.4.0/avr5/libgcc.a(_mulshisi3.o)
 .text.libgcc.fmul
                0x0000000000000000        0x0 /usr/lib/gcc/avr/5.4.0/avr5/libgcc.a(_mulshisi3.o)
 .text.libgcc.fixed
                0x0000000000000000        0x0 /usr/lib/gcc/avr/5.4.0/avr5/libgcc.a(_mulshisi3.o)
 .text          0x0000000000000000        0x0 /usr/lib/gcc/avr/5.4.0/avr5/libgcc.a(_ashldi3.o)
 .data          0x0000000000000000        0x0 /usr/lib/gcc/avr/5.4.0/avr5/libgcc.a(_ashldi3.o)
 .bss           0x0000000000000000        0x0 /usr/lib/gcc/avr/5.4.0/avr5/libgcc.a(_ashldi3.o)
 .text.libgcc.mul
                0x0000000000000000        0x0 /usr/lib/gcc/avr/5.4.0/avr5/libgcc.a(_ashldi3.o)
 .text.libgcc.div
                0x0000000000000000        0x0 /usr/lib/gcc/avr/5.4.0/avr5/libgcc.a(_ashldi3.o)
 .text.libgcc   0x0000000000000000        0x0 /usr/lib/gcc/avr/5.4.0/avr5/libgcc.a(_ashldi3.o)
 .text.libgcc.prologue
                0x0000000000000000        0x0 /usr/lib/gcc/avr/5.4.0/avr5/libgcc.a(_ashldi3.o)
 .text.libgcc.fmul
                0x0000000000000000        0x0 /usr/lib/gcc/avr/5.4.0/avr5/libgcc.a(_ashldi3.o)
 .text.libgcc.fixed
                0x0000000000000000        0x0 /usr/lib/gcc/avr/5.4.0/avr5/libgcc.a(_ashldi3.o)
 .text          0x0000000000000000        0x0 /usr/lib/gcc/avr/5.4.0/avr5/libgcc.a(_ashrdi3.o)
 .data          0x0000000000000000        0x0 /usr/lib/gcc/avr/5.4.0/avr5/libgcc.a(_ashrdi3.o)
 .bss           0x0000000000000000        0x0 /usr/lib/gcc/avr/5.4.0/avr5/libgcc.a(_ashrdi3.o)
 .text.libgcc.mul
                0x0000000000000000        0x0 /usr/lib/gcc/avr/5.4.0/avr5/libgcc.a(_ashrdi3.o)
 .text.libgcc.div
                0x0000000000000000        0x0 /usr/lib/gcc/avr/5.4.0/avr5/libgcc.a(_ashrdi3.o)
 .text.libgcc   0x0000000000000000        0x0 /usr/lib/gcc/avr/5.4.0/avr5/libgcc.a(_ashrdi3.o)
 .text.libgcc.prologue
                0x0000000000000000        0x0 /usr/lib/gcc/avr/5.4.0/avr5/libgcc.a(_ashrdi3.o)
 .text.libgcc.fmul
                0x0000000000000000        0x0 /usr/lib/gcc/avr/5.4.0/avr5/libgcc.a(_ashrdi3.o)
 .text.libgcc.fixed
                0x0000000000000000        0x0 /usr/lib/gcc/avr/5.4.0/avr5/libgcc.a(_ashrdi3.o)
 .text          0x0000000000000000        0x0 /usr/lib/gcc/avr/5.4.0/avr5/libgcc.a(_adddi3_s8.o)
 .data          0x0000000000000000        0x0 /usr/lib/gcc/avr/5.4.0/avr5/libgcc.a(_adddi3_s8.o)
 .bss           0x0000000000000000        0x0 /usr/lib/gcc/avr/5.4.0/avr5/libgcc.a(_adddi3_s8.o)
 .text.libgcc.mul
                0x0000000000000000        0x0 /usr/lib/gcc/avr/5.4.0/avr5/libgcc.a(_adddi3_s8.o)
 .text.libgcc.div
                0x0000000000000000        0x0 /usr/lib/gcc/avr/5.4.0/avr5/libgcc.a(_adddi3_s8.o)
 .text.libgcc.prologue
                0x0000000000000000        0x0 /usr/lib/gcc/avr/5.4.0/avr5/libgcc.a(_adddi3_s8.o)
 .text.libgcc.builtins
                0x0000000000000000        0x0 /usr/lib/gcc/avr/5.4.0/avr5/libgcc.a(_adddi3_s8.o)
 .text.libgcc.fmul
                0x0000000000000000        0x0 /usr/lib/gcc/avr/5.4.0/avr5/libgcc.a(_adddi3_s8.o)
 .text.libgcc.fixed
                0x0000000000000000        0x0 /usr/lib/gcc/avr/5.4.0/avr5/libgcc.a(_adddi3_s8.o)
 .text          0x0000000000000000        0x0 /usr/lib/gcc/avr/5.4.0/avr5/libgcc.a(_cmpdi2_s8.o)
 .data          0x0000000000000000        0x0 /usr/lib/gcc/avr/5.4.0/avr5/libgcc.a(_cmpdi2_s8.o)
 .bss           0x0000000000000000        0x0 /usr/lib/gcc/avr/5.4.0/avr5/libgcc.a(_cmpdi2_s8.o)
 .text.libgcc.mul
                0x0000000000000000        0x0 /usr/lib/gcc/avr/5.4.0/avr5/libgcc.a(_cmpdi2_s8.o)
 .text.libgcc.div
                0x0000000000000000        0x0 /usr/lib/gcc/avr/5.4.0/avr5/libgcc.a(_cmpdi2_s8.o)
 .text.libgcc.prologue
                0x0000000000000000        0x0 /usr/lib/gcc/avr/5.4.0/avr5/libgcc.a(_cmpdi2_s8.o)
 .text.libgcc.builtins
                0x0000000000000000        0x0 /usr/lib/gcc/avr/5.4.0/avr5/libgcc.a(_cmpdi2_s8.o)
 .text.libgcc.fmul
                0x0000000000000000        0x0 /usr/lib/gcc/avr/5.4.0/avr5/libgcc.a(_cmpdi2_s8.o)
 .text.libgcc.fixed
                0x0000000000000000        0x0 /usr/lib/gcc/avr/5.4.0/avr5/libgcc.a(_cmpdi2_s8.o)
 .text          0x0000000000000000        0x0 /usr/lib/gcc/avr/5.4.0/avr5/libgcc.a(_umulhisi3.o)
 .data          0x0000000000000000        0x0 /usr/lib/gcc/avr/5.4.0/avr5/libgcc.a(_umulhisi3.o)
 .bss           0x0000000000000000        0x0 /usr/lib/gcc/avr/5.4.0/avr5/libgcc.a(_umulhisi3.o)
 .text.libgcc.mul
                0x0000000000000000       0x1e /usr/lib/gcc/avr/5.4.0/avr5/libgcc.a(_umulhisi3.o)
 .text.libgcc.div
                0x0000000000000000        0x0 /usr/lib/gcc/avr/5.4.0/avr5/libgcc.a(_umulhisi3.o)
 .text.libgcc   0x0000000000000000        0x0 /usr/lib/gcc/avr/5.4.0/avr5/libgcc.a(_umulhisi3.o)
 .text.libgcc.prologue
                0x0000000000000000        0x0 /usr/lib/gcc/avr/5.4.0/avr5/libgcc.a(_umulhisi3.o)
 .text.libgcc.builtins
                0x0000000000000000        0x0 /usr/lib/gcc/avr/5.4.0/avr5/libgcc.a(_umulhisi3.o)
 .text.libgcc.fmul
                0x0000000000000000        0x0 /usr/lib/gcc/avr/5.4.0/avr5/libgcc.a(_umulhisi3.o)
 .text.libgcc.fixed
                0x0000000000000000        0x0 /usr/lib/gcc/avr/5.4.0/avr5/libgcc.a(_umulhisi3.o)
 .text          0x0000000000000000        0x0 /usr/lib/gcc/avr/5.4.0/avr5/libgcc.a(_muluhisi3.o)
 .data          0x0000000000000000        0x0 /usr/lib/gcc/avr/5.4.0/avr5/libgcc.a(_muluhisi3.o)
 .bss           0x0000000000000000        0x0 /usr/lib/gcc/avr/5.4.0/avr5/libgcc.a(_muluhisi3.o)
 .text.libgcc.mul
                0x0000000000000000       0x16 /usr/lib/gcc/avr/5.4.0/avr5/libgcc.a(_muluhisi3.o)
 .text.libgcc.div
                0x0000000000000000        0x0 /usr/lib/gcc/avr/5.4.0/avr5/libgcc.a(_muluhisi3.o)
 .text.libgcc   0x0000000000000000        0x0 /usr/lib/gcc/avr/5.4.0/avr5/libgcc.a(_muluhisi3.o)
 .text.libgcc.prologue
                0x0000000000000000        0x0 /usr/lib/gcc/avr/5.4.0/avr5/libgcc.a(_muluhisi3.o)
 .text.libgcc.builtins
                0x0000000000000000        0x0 /usr/lib/gcc/avr/5.4.0/avr5/libgcc.a(_muluhisi3.o)
 .text.libgcc.fmul
                0x0000000000000000        0x0 /usr/lib/gcc/avr/5.4.0/avr5/libgcc.a(_muluhisi3.o)
 .text.libgcc.fixed
                0x0000000000000000        0x0 /usr/lib/gcc/avr/5.4.0/avr5/libgcc.a(_muluhisi3.o)
 .text          0x0000000000000000        0x0 /usr/lib/gcc/avr/5.4.0/../../../avr/lib/avr5/libatmega168.a(eerd_block.o)
 .data          0x0000000000000000        0x0 /usr/lib/gcc/avr/5.4.0/../../../avr/lib/avr5/libatmega168.a(eerd_block.o)
 .bss           0x0000000000000000        0x0 /usr/lib/gcc/avr/5.4.0/../../../avr/lib/avr5/libatmega168.a(eerd_block.o)
 .text          0x0000000000000000        0x0 /usr/lib/gcc/avr/5.4.0/../../../avr/lib/avr5/libatmega168.a(eeupd_block.o)
 .data          0x0000000000000000        0x0 /usr/lib/gcc/avr/5.4.0/../../../avr/lib/avr5/libatmega168.a(eeupd_block.o)
 .bss           0x0000000000000000        0x0 /usr/lib/gcc/avr/5.4.0/../../../avr/lib/avr5/libatmega168.a(eeupd_block.o)
 .text          0x0000000000000000        0x0 /usr/lib/gcc/avr/5.4.0/../../../avr/lib/avr5/libatmega168.a(eeupd_byte.o)
 .data          0x0000000000000000        0x0 /usr/lib/gcc/avr/5.4.0/../../../avr/lib/avr5/libatmega168.a(eeupd_byte.o)
 .bss           0x0000000000000000        0x0 /usr/lib/gcc/avr/5.4.0/../../../avr/lib/avr5/libatmega168.a(eeupd_byte.o)

Memory Configuration

Name             Origin             Length             Attributes
text             0x0000000000000000 0x0000000000020000 xr
data             0x0000000000800060 0x000000000000ffa0 rw !x
eeprom           0x0000000000810000 0x0000000000010000 rw !x
fuse             0x0000000000820000 0x0000000000000003 rw !x
lock             0x0000000000830000 0x0000000000000400 rw !x
signature        0x0000000000840000 0x0000000000000400 rw !x
user_signatures  0x0000000000850000 0x0000000000000400 rw !x
*default*        0x0000000000000000 0xffffffffffffffff

Linker script and memory map

Address of section .data set to 0x800100
LOAD /usr/lib/gcc/avr/5.4.0/../../../avr/lib/avr5/crtatmega168.o
LOAD Vibrate.o
LOAD TPIC6B595N.o
LOAD MCP4021.o
LOAD USART.o
LOAD CardReader.o
LOAD CD4014.o
LOAD buttons.o
LOAD BrailleCadeKeyboard.o
START GROUP
LOAD /usr/lib/gcc/avr/5.4.0/avr5/libgcc.a
LOAD /usr/lib/gcc/avr/5.4.0/../../../avr/lib/avr5/libm.a
LOAD /usr/lib/gcc/avr/5.4.0/../../../avr/lib/avr5/libc.a
LOAD /usr/lib/gcc/avr/5.4.0/../../../avr/lib/avr5/libatmega168.a
END GROUP
                0x0000000000000000                __TEXT_REGION_ORIGIN__ = DEFINED (__TEXT_REGION_ORIGIN__)?__TEXT_REGION_ORIGIN__:0x0
                0x0000000000800060                __DATA_REGION_ORIGIN__ = DEFINED (__DATA_REGION_ORIGIN__)?__DATA_REGION_ORIGIN__:0x800060
                0x0000000000020000                __TEXT_REGION_LENGTH__ = DEFINED (__TEXT_REGION_LENGTH__)?__TEXT_REGION_LENGTH__:0x20000
                0x000000000000ffa0                __DATA_REGION_LENGTH__ = DEFINED (__DATA_REGION_LENGTH__)?__DATA_REGION_LENGTH__:0xffa0
                0x0000000000010000                __EEPROM_REGION_LENGTH__ = DEFINED (__EEPROM_REGION_LENGTH__)?__EEPROM_REGION_LENGTH__:0x10000
                [0x0000000000000003]                __FUSE_REGION_LENGTH__ = DEFINED (__FUSE_REGION_LENGTH__)?__FUSE_REGION_LENGTH__:0x400
                0x0000000000000400                __LOCK_REGION_LENGTH__ = DEFINED (__LOCK_REGION_LENGTH__)?__LOCK_REGION_LENGTH__:0x400
                0x0000000000000400                __SIGNATURE_REGION_LENGTH__ = DEFINED (__SIGNATURE_REGION_LENGTH__)?__SIGNATURE_REGION_LENGTH__:0x400
                0x0000000000000400                __USER_SIGNATURE_REGION_LENGTH__ = DEFINED (__USER_SIGNATURE_REGION_LENGTH__)?__USER_SIGNATURE_REGION_LENGTH__:0x400

.hash
 *(.hash)

.dynsym
 *(.dynsym)

.dynstr
 *(.dynstr)

.gnu.version
 *(.gnu.version)

.gnu.version_d
 *(.gnu.version_d)

.gnu.version_r
 *(.gnu.version_r)

.rel.init
 *(.rel.init)

.rela.init
 *(.rela.init)

.rel.text
 *(.rel.text)
 *(.rel.text.*)
 *(.rel.gnu.linkonce.t*)

.rela.text
 *(.rela.text)
 *(.rela.text.*)
 *(.rela.gnu.linkonce.t*)

.rel.fini
 *(.rel.fini)

.rela.fini
 *(.rela.fini)

.rel.rodata
 *(.rel.rodata)
 *(.rel.rodata.*)
 *(.rel.gnu.linkonce.r*)

.rela.rodata
 *(.rela.rodata)
 *(.rela.rodata.*)
 *(.rela.gnu.linkonce.r*)

.rel.data
 *(.rel.data)
 *(.rel.data.*)
 *(.rel.gnu.linkonce.d*)

.rela.data
 *(.rela.data)
 *(.rela.data.*)
 *(.rela.gnu.linkonce.d*)

.rel.ctors
 *(.rel.ctors)

.rela.ctors
 *(.rela.ctors)

.rel.dtors
 *(.rel.dtors)

.rela.dtors
 *(.rela.dtors)

.rel.got
 *(.rel.got)

.rela.got
 *(.rela.got)

.rel.bss
 *(.rel.bss)

.rela.bss
 *(.rela.bss)

.rel.plt
 *(.rel.plt)

.rela.plt
 *(.rela.plt)

.text           0x0000000000000000     0x10cc
 *(.vectors)
 .vectors       0x0000000000000000       0x68 /usr/lib/gcc/avr/5.4.0/../../../avr/lib/avr5/crtatmega168.o
                0x0000000000000000                __vectors
                0x0000000000000000                __vector_default
 *(.vectors)
 *(.progmem.gcc*)
 .progmem.gcc_sw_table.main
                0x0000000000000068       0x2a BrailleCadeKeyboard.o
                0x0000000000000092                . = ALIGN (0x2)
                0x0000000000000092                __trampolines_start = .
 *(.trampolines)
 .trampolines   0x0000000000000092        0x0 linker stubs
 *(.trampolines*)
                0x0000000000000092                __trampolines_end = .
 *libprintf_flt.a:*(.progmem.data)
 *libc.a:*(.progmem.data)
 *(.progmem*)
                0x0000000000000092                . = ALIGN (0x2)
 *(.jumptables)
 *(.jumptables*)
 *(.lowtext)
 *(.lowtext*)
                0x0000000000000092                __ctors_start = .
 *(.ctors)
                0x0000000000000092                __ctors_end = .
                0x0000000000000092                __dtors_start = .
 *(.dtors)
                0x0000000000000092                __dtors_end = .
 SORT(*)(.ctors)
 SORT(*)(.dtors)
 *(.init0)
 .init0         0x0000000000000092        0x0 /usr/lib/gcc/avr/5.4.0/../../../avr/lib/avr5/crtatmega168.o
                0x0000000000000092                __init
 *(.init0)
 *(.init1)
 *(.init1)
 *(.init2)
 .init2         0x0000000000000092        0xc /usr/lib/gcc/avr/5.4.0/../../../avr/lib/avr5/crtatmega168.o
 *(.init2)
 *(.init3)
 *(.init3)
 *(.init4)
 .init4         0x000000000000009e       0x16 /usr/lib/gcc/avr/5.4.0/avr5/libgcc.a(_copy_data.o)
                0x000000000000009e                __do_copy_data
 .init4         0x00000000000000b4       0x10 /usr/lib/gcc/avr/5.4.0/avr5/libgcc.a(_clear_bss.o)
                0x00000000000000b4                __do_clear_bss
 *(.init4)
 *(.init5)
 *(.init5)
 *(.init6)
 *(.init6)
 *(.init7)
 *(.init7)
 *(.init8)
 *(.init8)
 *(.init9)
 .init9         0x00000000000000c4        0x8 /usr/lib/gcc/avr/5.4.0/../../../avr/lib/avr5/crtatmega168.o
 *(.init9)
 *(.text)
 .text          0x00000000000000cc        0x4 /usr/lib/gcc/avr/5.4.0/../../../avr/lib/avr5/crtatmega168.o
                0x00000000000000cc                __vector_22
                0x00000000000000cc                __vector_24
                0x00000000000000cc                __vector_12
                0x00000000000000cc                __bad_interrupt
                0x00000000000000cc                __vector_6
                0x00000000000000cc                __vector_3
                0x00000000000000cc                __vector_23
                0x00000000000000cc                __vector_25
                0x00000000000000cc                __vector_11
                0x00000000000000cc                __vector_13
                0x00000000000000cc                __vector_17
                0x00000000000000cc                __vector_19
                0x00000000000000cc                __vector_7
                0x00000000000000cc                __vector_5
                0x00000000000000cc                __vector_4
                0x00000000000000cc                __vector_9
                0x00000000000000cc                __vector_2
                0x00000000000000cc                __vector_21
                0x00000000000000cc                __vector_15
                0x00000000000000cc                __vector_8
                0x00000000000000cc                __vector_14
                0x00000000000000cc                __vector_10
                0x00000000000000cc                __vector_16
                0x00000000000000cc                __vector_18
                0x00000000000000cc                __vector_20
                0x00000000000000d0                . = ALIGN (0x2)
 *(.text.*)
 .text.Vibrate_Keys
                0x00000000000000d0       0x18 Vibrate.o
                0x00000000000000d0                Vibrate_Keys
 .text.TPIC_Init
                0x00000000000000e8       0x10 TPIC6B595N.o
                0x00000000000000e8                TPIC_Init
 .text.TPIC_ShiftOut
                0x00000000000000f8       0x32 TPIC6B595N.o
                0x00000000000000f8                TPIC_ShiftOut
 .text.TPIC_Latch
                0x000000000000012a       0x12 TPIC6B595N.o
                0x000000000000012a                TPIC_Latch
 .text.TPIC_Activate
                0x000000000000013c        0x8 TPIC6B595N.o
                0x000000000000013c                TPIC_Activate
 .text.TPIC_Deactivate
                0x0000000000000144        0x4 TPIC6B595N.o
                0x0000000000000144                TPIC_Deactivate
 .text.TPIC_Pulse
                0x0000000000000148       0x1e TPIC6B595N.o
                0x0000000000000148                TPIC_Pulse
 .text.resistanceUp
                0x0000000000000166       0x16 MCP4021.o
                0x0000000000000166                resistanceUp
 .text.resistanceDown
                0x000000000000017c       0x16 MCP4021.o
                0x000000000000017c                resistanceDown
 .text.init_MCP4021
                0x0000000000000192       0x1e MCP4021.o
                0x0000000000000192                init_MCP4021
 .text.initUSART
                0x00000000000001b0       0x22 USART.o
                0x00000000000001b0                initUSART
 .text.transmitByte
                0x00000000000001d2        0xe USART.o
                0x00000000000001d2                transmitByte
 .text.receiveByte
                0x00000000000001e0        0xe USART.o
                0x00000000000001e0                receiveByte
 .text.printString
                0x00000000000001ee       0x26 USART.o
                0x00000000000001ee                printString
 .text.printByte
                0x0000000000000214       0x32 USART.o
                0x0000000000000214                printByte
 .text.printWord
                0x0000000000000246       0x76 USART.o
                0x0000000000000246                printWord
 .text.getNumber
                0x00000000000002bc       0x3e USART.o
                0x00000000000002bc                getNumber
 .text.__vector_1
                0x00000000000002fa       0x1e CardReader.o
                0x00000000000002fa                __vector_1
 .text.Card_ReadStates
                0x0000000000000318       0x2a CardReader.o
                0x0000000000000318                Card_ReadStates
 .text.Card_IR  0x0000000000000342       0x16 CardReader.o
                0x0000000000000342                Card_IR
 .text.Card_Next_Thresh
                0x0000000000000358       0xd0 CardReader.o
                0x0000000000000358                Card_Next_Thresh
 .text.Card_Read
                0x0000000000000428       0xdc CardReader.o
                0x0000000000000428                Card_Read
 .text.Card_Update_Wiper_Array
                0x0000000000000504       0xa4 CardReader.o
                0x0000000000000504                Card_Update_Wiper_Array
 .text.Card_Get_Bounds
                0x00000000000005a8      0x12a CardReader.o
                0x00000000000005a8                Card_Get_Bounds
 .text.Card_Get_Thresh
                0x00000000000006d2       0xb6 CardReader.o
                0x00000000000006d2                Card_Get_Thresh
 .text.Card_Print_Array
                0x0000000000000788       0x48 CardReader.o
                0x0000000000000788                Card_Print_Array
 .text.Card_Read_Stored_Thresh
                0x00000000000007d0       0x48 CardReader.o
                0x00000000000007d0                Card_Read_Stored_Thresh
 .text.CD4014_init
                0x0000000000000818       0x10 CD4014.o
                0x0000000000000818                CD4014_init
 .text.CD4014_ReadStates
                0x0000000000000828       0x3a CD4014.o
                0x0000000000000828                CD4014_ReadStates
 .text.Button_InitTimer1
                0x0000000000000862       0x12 buttons.o
                0x0000000000000862                Button_InitTimer1
 .text.Button_Debounce
                0x0000000000000874      0x30c buttons.o
                0x0000000000000874                Button_Debounce
 .text.printKeyVals
                0x0000000000000b80       0x66 BrailleCadeKeyboard.o
                0x0000000000000b80                printKeyVals
 .text.startup.main
                0x0000000000000be6      0x394 BrailleCadeKeyboard.o
                0x0000000000000be6                main
 .text.libgcc.div
                0x0000000000000f7a       0x18 /usr/lib/gcc/avr/5.4.0/avr5/libgcc.a(_udivmodqi4.o)
                0x0000000000000f7a                __udivmodqi4
 .text.libgcc.div
                0x0000000000000f92       0x28 /usr/lib/gcc/avr/5.4.0/avr5/libgcc.a(_udivmodhi4.o)
                0x0000000000000f92                __udivmodhi4
 .text.libgcc   0x0000000000000fba        0xc /usr/lib/gcc/avr/5.4.0/avr5/libgcc.a(_tablejump2.o)
                0x0000000000000fba                __tablejump2__
 .text.libgcc.builtins
                0x0000000000000fc6       0x32 /usr/lib/gcc/avr/5.4.0/avr5/libgcc.a(_ashldi3.o)
                0x0000000000000fc6                __ashldi3
 .text.libgcc.builtins
                0x0000000000000ff8       0x3c /usr/lib/gcc/avr/5.4.0/avr5/libgcc.a(_ashrdi3.o)
                0x0000000000000ff8                __ashrdi3
                0x0000000000000ffc                __lshrdi3
 .text.libgcc   0x0000000000001034       0x18 /usr/lib/gcc/avr/5.4.0/avr5/libgcc.a(_adddi3_s8.o)
                0x0000000000001034                __adddi3_s8
 .text.libgcc   0x000000000000104c       0x18 /usr/lib/gcc/avr/5.4.0/avr5/libgcc.a(_cmpdi2_s8.o)
                0x000000000000104c                __cmpdi2_s8
 .text.avr-libc
                0x0000000000001064       0x20 /usr/lib/gcc/avr/5.4.0/../../../avr/lib/avr5/libatmega168.a(eerd_block.o)
                0x0000000000001064                eeprom_read_block
                0x0000000000001068                eeprom_read_blraw
 .text.avr-libc
                0x0000000000001084       0x20 /usr/lib/gcc/avr/5.4.0/../../../avr/lib/avr5/libatmega168.a(eeupd_block.o)
                0x0000000000001084                eeprom_update_block
 .text.avr-libc
                0x00000000000010a4       0x24 /usr/lib/gcc/avr/5.4.0/../../../avr/lib/avr5/libatmega168.a(eeupd_byte.o)
                0x00000000000010a4                eeprom_update_byte
                0x00000000000010a6                eeprom_update_r18
                0x00000000000010c8                . = ALIGN (0x2)
 *(.fini9)
 .fini9         0x00000000000010c8        0x0 /usr/lib/gcc/avr/5.4.0/avr5/libgcc.a(_exit.o)
                0x00000000000010c8                exit
                0x00000000000010c8                _exit
 *(.fini9)
 *(.fini8)
 *(.fini8)
 *(.fini7)
 *(.fini7)
 *(.fini6)
 *(.fini6)
 *(.fini5)
 *(.fini5)
 *(.fini4)
 *(.fini4)
 *(.fini3)
 *(.fini3)
 *(.fini2)
 *(.fini2)
 *(.fini1)
 *(.fini1)
 *(.fini0)
 .fini0         0x00000000000010c8        0x4 /usr/lib/gcc/avr/5.4.0/avr5/libgcc.a(_exit.o)
 *(.fini0)
                0x00000000000010cc                _etext = .

.data           0x0000000000800100      0x128 load address 0x00000000000010cc
                0x0000000000800100                PROVIDE (__data_start, .)
 *(.data)
 *(.data*)
 *(.gnu.linkonce.d*)
 *(.rodata)
 .rodata        0x0000000000800100        0xb BrailleCadeKeyboard.o
 *(.rodata*)
 .rodata.str1.1
                0x000000000080010b       0x14 TPIC6B595N.o
 .rodata.str1.1
                0x000000000080011f       0x34 CardReader.o
                                         0x37 (size before relaxing)
 .rodata.str1.1
                0x0000000000800153       0x16 CD4014.o
 .rodata.str1.1
                0x0000000000800169       0x17 buttons.o
 .rodata.str1.1
                0x0000000000800180       0xa7 BrailleCadeKeyboard.o
                                         0xaa (size before relaxing)
 *(.gnu.linkonce.r*)
                0x0000000000800228                . = ALIGN (0x2)
 *fill*         0x0000000000800227        0x1 
                0x0000000000800228                _edata = .
                0x0000000000800228                PROVIDE (__data_end, .)

.bss            0x0000000000800228        0x1
                0x0000000000800228                PROVIDE (__bss_start, .)
 *(.bss)
 *(.bss*)
 .bss.cardFlag  0x0000000000800228        0x1 BrailleCadeKeyboard.o
                0x0000000000800228                cardFlag
 *(COMMON)
                0x0000000000800229                PROVIDE (__bss_end, .)
                0x00000000000010cc                __data_load_start = LOADADDR (.data)
                0x00000000000011f4                __data_load_end = (__data_load_start + SIZEOF (.data))

.noinit         0x0000000000800229        0x0
                [!provide]                        PROVIDE (__noinit_start, .)
 *(.noinit*)
                [!provide]                        PROVIDE (__noinit_end, .)
                0x0000000000800229                _end = .
                [!provide]                        PROVIDE (__heap_start, .)

.eeprom         0x0000000000810000        0xb
 *(.eeprom*)
 .eeprom        0x0000000000810000        0xb CardReader.o
                0x0000000000810000                g_eepromWiperVal
                0x000000000081000b                __eeprom_end = .

.fuse
 *(.fuse)
 *(.lfuse)
 *(.hfuse)
 *(.efuse)

.lock
 *(.lock*)

.signature
 *(.signature*)

.user_signatures
 *(.user_signatures*)

.stab           0x0000000000000000     0x3198
 *(.stab)
 .stab          0x0000000000000000      0x51c Vibrate.o
 .stab          0x000000000000051c      0x5d0 TPIC6B595N.o
                                        0x798 (size before relaxing)
 .stab          0x0000000000000aec      0x528 MCP4021.o
                                        0x8c4 (size before relaxing)
 .stab          0x0000000000001014      0x6c0 USART.o
                                        0xdd4 (size before relaxing)
 .stab          0x00000000000016d4      0xb28 CardReader.o
                                        0xe70 (size before relaxing)
 .stab          0x00000000000021fc      0x420 CD4014.o
                                        0x60c (size before relaxing)
 .stab          0x000000000000261c      0x4e0 buttons.o
                                        0x738 (size before relaxing)
 .stab          0x0000000000002afc      0x69c BrailleCadeKeyboard.o
                                        0x918 (size before relaxing)

.stabstr        0x0000000000000000     0x1733
 *(.stabstr)
 .stabstr       0x0000000000000000     0x1733 Vibrate.o

.stab.excl
 *(.stab.excl)

.stab.exclstr
 *(.stab.exclstr)

.stab.index
 *(.stab.index)

.stab.indexstr
 *(.stab.indexstr)

.comment        0x0000000000000000       0x11
 *(.comment)
 .comment       0x0000000000000000       0x11 Vibrate.o
                                         0x12 (size before relaxing)
 .comment       0x0000000000000011       0x12 TPIC6B595N.o
 .comment       0x0000000000000011       0x12 MCP4021.o
 .comment       0x0000000000000011       0x12 USART.o
 .comment       0x0000000000000011       0x12 CardReader.o
 .comment       0x0000000000000011       0x12 CD4014.o
 .comment       0x0000000000000011       0x12 buttons.o
 .comment       0x0000000000000011       0x12 BrailleCadeKeyboard.o

.note.gnu.avr.deviceinfo
                0x0000000000000000       0x3c
 .note.gnu.avr.deviceinfo
                0x0000000000000000       0x3c /usr/lib/gcc/avr/5.4.0/../../../avr/lib/avr5/crtatmega168.o

.note.gnu.build-id
 *(.note.gnu.build-id)

.debug
 *(.debug)

.line
 *(.line)

.debug_srcinfo
 *(.debug_srcinfo)

.debug_sfnames
 *(.debug_sfnames)

.debug_aranges
 *(.debug_aranges)

.debug_pubnames
 *(.debug_pubnames)

.debug_info     0x0000000000000000      0x5f4
 *(.debug_info .gnu.linkonce.wi.*)
 .debug_info    0x0000000000000000      0x5f4 /usr/lib/gcc/avr/5.4.0/../../../avr/lib/avr5/crtatmega168.o

.debug_abbrev   0x0000000000000000      0x5a2
 *(.debug_abbrev)
 .debug_abbrev  0x0000000000000000      0x5a2 /usr/lib/gcc/avr/5.4.0/../../../avr/lib/avr5/crtatmega168.o

.debug_line     0x0000000000000000       0x1a
 *(.debug_line .debug_line.* .debug_line_end)
 .debug_line    0x0000000000000000       0x1a /usr/lib/gcc/avr/5.4.0/../../../avr/lib/avr5/crtatmega168.o

.debug_frame
 *(.debug_frame)

.debug_str      0x0000000000000000      0x208
 *(.debug_str)
 .debug_str     0x0000000000000000      0x208 /usr/lib/gcc/avr/5.4.0/../../../avr/lib/avr5/crtatmega168.o

.debug_loc
 *(.debug_loc)

.debug_macinfo
 *(.debug_macinfo)

.debug_weaknames
 *(.debug_weaknames)

.debug_funcnames
 *(.debug_funcnames)

.debug_typenames
 *(.debug_typenames)

.debug_varnames
 *(.debug_varnames)

.debug_pubtypes
 *(.debug_pubtypes)

.debug_ranges
 *(.debug_ranges)

.debug_macro
 *(.debug_macro)
OUTPUT(avrcode.elf elf32-avr)
LOAD linker stubs
